REJECT: Domain violation for HAS_CONDITION. Source class CONDITION not in ['LEGAL_SUBJECT', 'LEGAL_ACTION']
REJECT: Range violation for ALLOW. Target class LEGAL_SUBJECT not in ['LEGAL_ACTION']
REJECT: Range violation for REQUIRE. Target class LEGAL_SUBJECT not in ['LEGAL_ACTION']
REJECT: Range violation for ALLOW. Target class LEGAL_SUBJECT not in ['LEGAL_ACTION']
REJECT: Domain violation for ALLOW. Source class LEGAL_ACTION not in ['LEGAL_SUBJECT']
REJECT: Domain violation for ALLOW. Source class LEGAL_ACTION not in ['LEGAL_SUBJECT']
REJECT: Range violation for HAS_CONDITION. Target class LEGAL_SUBJECT not in ['CONDITION']
REJECT: Range violation for REQUIRE. Target class LEGAL_SUBJECT not in ['LEGAL_ACTION']
REJECT: Range violation for REQUIRE. Target class LEGAL_SUBJECT not in ['LEGAL_ACTION']
REJECT: Range violation for REQUIRE. Target class LEGAL_SUBJECT not in ['LEGAL_ACTION']
REJECT: Range violation for REQUIRE. Target class LEGAL_SUBJECT not in ['LEGAL_ACTION']
REJECT: Range violation for ALLOW. Target class LEGAL_SUBJECT not in ['LEGAL_ACTION']
REJECT: Range violation for REQUIRE. Target class LEGAL_SUBJECT not in ['LEGAL_ACTION']
REJECT: Self-loop not allowed for REQUIRE
REJECT: Self-loop not allowed for REQUIRE
REJECT: Self-loop not allowed for REQUIRE
REJECT: Range violation for REQUIRE. Target class LEGAL_SUBJECT not in ['LEGAL_ACTION']
REJECT: Range violation for REQUIRE. Target class LEGAL_SUBJECT not in ['LEGAL_ACTION']
REJECT: Range violation for REQUIRE. Target class CONDITION not in ['LEGAL_ACTION']
REJECT: Range violation for ALLOW. Target class LEGAL_SUBJECT not in ['LEGAL_ACTION']
REJECT: Range violation for ALLOW. Target class LEGAL_SUBJECT not in ['LEGAL_ACTION']
REJECT: Range violation for ALLOW. Target class LEGAL_SUBJECT not in ['LEGAL_ACTION']
REJECT: Range violation for ALLOW. Target class LEGAL_SUBJECT not in ['LEGAL_ACTION']
REJECT: Range violation for REFERENCE_TO. Target class LEGAL_SUBJECT not in ['LEGAL_DOCUMENT_REF']
REJECT: Range violation for ALLOW. Target class LEGAL_SUBJECT not in ['LEGAL_ACTION']
REJECT: Range violation for ALLOW. Target class LEGAL_SUBJECT not in ['LEGAL_ACTION']
REJECT: Range violation for ALLOW. Target class LEGAL_SUBJECT not in ['LEGAL_ACTION']
REJECT: Range violation for ALLOW. Target class LEGAL_SUBJECT not in ['LEGAL_ACTION']
REJECT: Range violation for ALLOW. Target class LEGAL_SUBJECT not in ['LEGAL_ACTION']
REJECT: Range violation for ALLOW. Target class LEGAL_SUBJECT not in ['LEGAL_ACTION']
REJECT: Range violation for ALLOW. Target class LEGAL_SUBJECT not in ['LEGAL_ACTION']
REJECT: Range violation for ALLOW. Target class LEGAL_SUBJECT not in ['LEGAL_ACTION']
REJECT: Range violation for ALLOW. Target class LEGAL_SUBJECT not in ['LEGAL_ACTION']
REJECT: Range violation for ALLOW. Target class LEGAL_SUBJECT not in ['LEGAL_ACTION']
REJECT: Range violation for ALLOW. Target class LEGAL_SUBJECT not in ['LEGAL_ACTION']
REJECT: Range violation for ALLOW. Target class LEGAL_SUBJECT not in ['LEGAL_ACTION']
REJECT: Range violation for ALLOW. Target class LEGAL_SUBJECT not in ['LEGAL_ACTION']
REJECT: Range violation for ALLOW. Target class LEGAL_SUBJECT not in ['LEGAL_ACTION']
REJECT: Range violation for ALLOW. Target class LEGAL_SUBJECT not in ['LEGAL_ACTION']
REJECT: Range violation for ALLOW. Target class LEGAL_SUBJECT not in ['LEGAL_ACTION']
REJECT: Range violation for ALLOW. Target class LEGAL_SUBJECT not in ['LEGAL_ACTION']
REJECT: Range violation for ALLOW. Target class LEGAL_SUBJECT not in ['LEGAL_ACTION']
REJECT: Range violation for ALLOW. Target class LEGAL_SUBJECT not in ['LEGAL_ACTION']
REJECT: Range violation for ALLOW. Target class LEGAL_SUBJECT not in ['LEGAL_ACTION']
REJECT: Range violation for ALLOW. Target class LEGAL_SUBJECT not in ['LEGAL_ACTION']
REJECT: Range violation for ALLOW. Target class LEGAL_SUBJECT not in ['LEGAL_ACTION']
REJECT: Range violation for ALLOW. Target class LEGAL_SUBJECT not in ['LEGAL_ACTION']
REJECT: Range violation for ALLOW. Target class LEGAL_SUBJECT not in ['LEGAL_ACTION']
REJECT: Range violation for ALLOW. Target class LEGAL_SUBJECT not in ['LEGAL_ACTION']
REJECT: Range violation for ALLOW. Target class LEGAL_SUBJECT not in ['LEGAL_ACTION']
REJECT: Range violation for ALLOW. Target class LEGAL_SUBJECT not in ['LEGAL_ACTION']
REJECT: Range violation for ALLOW. Target class LEGAL_SUBJECT not in ['LEGAL_ACTION']
REJECT: Range violation for ALLOW. Target class LEGAL_SUBJECT not in ['LEGAL_ACTION']
REJECT: Range violation for REQUIRE. Target class LEGAL_SUBJECT not in ['LEGAL_ACTION']
REJECT: Domain violation for ALLOW. Source class LEGAL_ACTION not in ['LEGAL_SUBJECT']
REJECT: Range violation for REQUIRE. Target class LEGAL_DOCUMENT_REF not in ['LEGAL_ACTION']
REJECT: Range violation for REQUIRE. Target class LEGAL_DOCUMENT_REF not in ['LEGAL_ACTION']
REJECT: Range violation for HAS_CONDITION. Target class LEGAL_SUBJECT not in ['CONDITION']
REJECT: Range violation for HAS_CONDITION. Target class LEGAL_SUBJECT not in ['CONDITION']
REJECT: Range violation for ALLOW. Target class LEGAL_SUBJECT not in ['LEGAL_ACTION']
REJECT: Range violation for ALLOW. Target class LEGAL_SUBJECT not in ['LEGAL_ACTION']
REJECT: Range violation for ALLOW. Target class LEGAL_SUBJECT not in ['LEGAL_ACTION']
REJECT: Range violation for ALLOW. Target class LEGAL_SUBJECT not in ['LEGAL_ACTION']
REJECT: Range violation for ALLOW. Target class LEGAL_SUBJECT not in ['LEGAL_ACTION']
REJECT: Range violation for ALLOW. Target class LEGAL_SUBJECT not in ['LEGAL_ACTION']
REJECT: Range violation for ALLOW. Target class LEGAL_SUBJECT not in ['LEGAL_ACTION']
REJECT: Range violation for ALLOW. Target class LEGAL_SUBJECT not in ['LEGAL_ACTION']
REJECT: Range violation for ALLOW. Target class LEGAL_SUBJECT not in ['LEGAL_ACTION']
REJECT: Range violation for ALLOW. Target class LEGAL_SUBJECT not in ['LEGAL_ACTION']
REJECT: Range violation for ALLOW. Target class LEGAL_SUBJECT not in ['LEGAL_ACTION']
REJECT: Range violation for ALLOW. Target class LEGAL_SUBJECT not in ['LEGAL_ACTION']
REJECT: Range violation for ALLOW. Target class LEGAL_SUBJECT not in ['LEGAL_ACTION']
REJECT: Range violation for ALLOW. Target class LEGAL_SUBJECT not in ['LEGAL_ACTION']
REJECT: Range violation for ALLOW. Target class LEGAL_SUBJECT not in ['LEGAL_ACTION']
REJECT: Range violation for REQUIRE. Target class LEGAL_SUBJECT not in ['LEGAL_ACTION']
REJECT: Range violation for REQUIRE. Target class LEGAL_SUBJECT not in ['LEGAL_ACTION']
REJECT: Range violation for HAS_CONDITION. Target class LEGAL_DOCUMENT_REF not in ['CONDITION']
REJECT: Self-loop not allowed for REQUIRE
REJECT: Self-loop not allowed for REQUIRE
REJECT: Range violation for REQUIRE. Target class LEGAL_SUBJECT not in ['LEGAL_ACTION']
REJECT: Range violation for REQUIRE. Target class LEGAL_SUBJECT not in ['LEGAL_ACTION']
REJECT: Range violation for REQUIRE. Target class CONDITION not in ['LEGAL_ACTION']
REJECT: Range violation for PROHIBIT. Target class LEGAL_SUBJECT not in ['LEGAL_ACTION']
REJECT: Range violation for PROHIBIT. Target class LEGAL_SUBJECT not in ['LEGAL_ACTION']
REJECT: Range violation for REQUIRE. Target class LEGAL_DOCUMENT_REF not in ['LEGAL_ACTION']
REJECT: Domain violation for HAS_CONDITION. Source class LEGAL_DOCUMENT_REF not in ['LEGAL_SUBJECT', 'LEGAL_ACTION']
REJECT: Range violation for REQUIRE. Target class LEGAL_SUBJECT not in ['LEGAL_ACTION']
REJECT: Range violation for ALLOW. Target class LEGAL_SUBJECT not in ['LEGAL_ACTION']
REJECT: Range violation for ALLOW. Target class LEGAL_SUBJECT not in ['LEGAL_ACTION']
REJECT: Range violation for ALLOW. Target class LEGAL_SUBJECT not in ['LEGAL_ACTION']
REJECT: Range violation for ALLOW. Target class LEGAL_SUBJECT not in ['LEGAL_ACTION']
REJECT: Range violation for ALLOW. Target class LEGAL_SUBJECT not in ['LEGAL_ACTION']
REJECT: Range violation for ALLOW. Target class LEGAL_SUBJECT not in ['LEGAL_ACTION']
REJECT: Range violation for ALLOW. Target class LEGAL_SUBJECT not in ['LEGAL_ACTION']
REJECT: Domain violation for HAS_EXCEPTION. Source class LEGAL_SUBJECT not in ['LEGAL_ACTION', 'CONDITION']
REJECT: Range violation for REQUIRE. Target class LEGAL_SUBJECT not in ['LEGAL_ACTION']
REJECT: Range violation for HAS_CONDITION. Target class LEGAL_DOCUMENT_REF not in ['CONDITION']
REJECT: Range violation for ALLOW. Target class LEGAL_SUBJECT not in ['LEGAL_ACTION']
REJECT: Range violation for ALLOW. Target class LEGAL_SUBJECT not in ['LEGAL_ACTION']
REJECT: Range violation for ALLOW. Target class LEGAL_SUBJECT not in ['LEGAL_ACTION']
REJECT: Range violation for ALLOW. Target class LEGAL_SUBJECT not in ['LEGAL_ACTION']
REJECT: Range violation for ALLOW. Target class LEGAL_SUBJECT not in ['LEGAL_ACTION']
REJECT: Range violation for ALLOW. Target class LEGAL_SUBJECT not in ['LEGAL_ACTION']
REJECT: Range violation for ALLOW. Target class LEGAL_SUBJECT not in ['LEGAL_ACTION']
REJECT: Range violation for REQUIRE. Target class CONDITION not in ['LEGAL_ACTION']
REJECT: Range violation for ALLOW. Target class CONDITION not in ['LEGAL_ACTION']
REJECT: Range violation for HAS_CONDITION. Target class LEGAL_DOCUMENT_REF not in ['CONDITION']
REJECT: Range violation for HAS_CONDITION. Target class LEGAL_DOCUMENT_REF not in ['CONDITION']
REJECT: Range violation for HAS_CONDITION. Target class LEGAL_DOCUMENT_REF not in ['CONDITION']
REJECT: Range violation for HAS_CONDITION. Target class LEGAL_DOCUMENT_REF not in ['CONDITION']
REJECT: Range violation for ALLOW. Target class LEGAL_DOCUMENT_REF not in ['LEGAL_ACTION']
REJECT: Range violation for ALLOW. Target class LEGAL_DOCUMENT_REF not in ['LEGAL_ACTION']
REJECT: Range violation for REQUIRE. Target class LEGAL_SUBJECT not in ['LEGAL_ACTION']
REJECT: Range violation for PROHIBIT. Target class LEGAL_SUBJECT not in ['LEGAL_ACTION']
REJECT: Range violation for PROHIBIT. Target class LEGAL_SUBJECT not in ['LEGAL_ACTION']
REJECT: Range violation for HAS_CONDITION. Target class LEGAL_ACTION not in ['CONDITION']
REJECT: Range violation for HAS_CONDITION. Target class LEGAL_ACTION not in ['CONDITION']
REJECT: Unknown relation_type APPLY_TO
REJECT: Range violation for ALLOW. Target class LEGAL_SUBJECT not in ['LEGAL_ACTION']
REJECT: Range violation for ALLOW. Target class LEGAL_SUBJECT not in ['LEGAL_ACTION']
REJECT: Range violation for ALLOW. Target class LEGAL_SUBJECT not in ['LEGAL_ACTION']
REJECT: Range violation for ALLOW. Target class LEGAL_SUBJECT not in ['LEGAL_ACTION']
REJECT: Range violation for ALLOW. Target class LEGAL_SUBJECT not in ['LEGAL_ACTION']
REJECT: Range violation for ALLOW. Target class LEGAL_SUBJECT not in ['LEGAL_ACTION']
REJECT: Range violation for ALLOW. Target class LEGAL_SUBJECT not in ['LEGAL_ACTION']
REJECT: Range violation for ALLOW. Target class LEGAL_SUBJECT not in ['LEGAL_ACTION']
REJECT: Range violation for ALLOW. Target class LEGAL_SUBJECT not in ['LEGAL_ACTION']
REJECT: Domain violation for ALLOW. Source class CONDITION not in ['LEGAL_SUBJECT']
REJECT: Range violation for ALLOW. Target class LEGAL_SUBJECT not in ['LEGAL_ACTION']
REJECT: Range violation for ALLOW. Target class LEGAL_SUBJECT not in ['LEGAL_ACTION']
REJECT: Range violation for ALLOW. Target class LEGAL_SUBJECT not in ['LEGAL_ACTION']
REJECT: Range violation for ALLOW. Target class LEGAL_SUBJECT not in ['LEGAL_ACTION']
REJECT: Range violation for ALLOW. Target class LEGAL_SUBJECT not in ['LEGAL_ACTION']
REJECT: Range violation for ALLOW. Target class LEGAL_SUBJECT not in ['LEGAL_ACTION']
REJECT: Unknown relation_type APPLY_TO
REJECT: Unknown relation_type APPLY_TO
REJECT: Unknown relation_type APPLY_TO
REJECT: Range violation for ALLOW. Target class LEGAL_SUBJECT not in ['LEGAL_ACTION']
REJECT: Range violation for ALLOW. Target class LEGAL_SUBJECT not in ['LEGAL_ACTION']
REJECT: Range violation for ALLOW. Target class LEGAL_SUBJECT not in ['LEGAL_ACTION']
REJECT: Range violation for ALLOW. Target class LEGAL_SUBJECT not in ['LEGAL_ACTION']
REJECT: Range violation for ALLOW. Target class LEGAL_SUBJECT not in ['LEGAL_ACTION']
REJECT: Range violation for ALLOW. Target class LEGAL_SUBJECT not in ['LEGAL_ACTION']
REJECT: Range violation for ALLOW. Target class LEGAL_SUBJECT not in ['LEGAL_ACTION']
REJECT: Range violation for ALLOW. Target class LEGAL_SUBJECT not in ['LEGAL_ACTION']
REJECT: Range violation for ALLOW. Target class LEGAL_SUBJECT not in ['LEGAL_ACTION']
REJECT: Range violation for ALLOW. Target class LEGAL_SUBJECT not in ['LEGAL_ACTION']
REJECT: Range violation for ALLOW. Target class LEGAL_SUBJECT not in ['LEGAL_ACTION']
REJECT: Range violation for REQUIRE. Target class LEGAL_SUBJECT not in ['LEGAL_ACTION']
REJECT: Range violation for REQUIRE. Target class LEGAL_SUBJECT not in ['LEGAL_ACTION']
REJECT: Range violation for ALLOW. Target class LEGAL_SUBJECT not in ['LEGAL_ACTION']
REJECT: Range violation for ALLOW. Target class LEGAL_SUBJECT not in ['LEGAL_ACTION']
REJECT: Range violation for ALLOW. Target class LEGAL_DOCUMENT_REF not in ['LEGAL_ACTION']
REJECT: Range violation for REQUIRE. Target class LEGAL_DOCUMENT_REF not in ['LEGAL_ACTION']
REJECT: Range violation for ALLOW. Target class LEGAL_SUBJECT not in ['LEGAL_ACTION']
REJECT: Range violation for ALLOW. Target class LEGAL_SUBJECT not in ['LEGAL_ACTION']
REJECT: Range violation for REQUIRE. Target class LEGAL_SUBJECT not in ['LEGAL_ACTION']
REJECT: Unknown relation_type APPLY_TO
REJECT: Range violation for ALLOW. Target class LEGAL_DOCUMENT_REF not in ['LEGAL_ACTION']
REJECT: Range violation for REQUIRE. Target class LEGAL_SUBJECT not in ['LEGAL_ACTION']
REJECT: Range violation for ALLOW. Target class LEGAL_SUBJECT not in ['LEGAL_ACTION']
REJECT: Range violation for ALLOW. Target class LEGAL_SUBJECT not in ['LEGAL_ACTION']
REJECT: Range violation for ALLOW. Target class LEGAL_SUBJECT not in ['LEGAL_ACTION']
REJECT: Range violation for ALLOW. Target class LEGAL_SUBJECT not in ['LEGAL_ACTION']
REJECT: Range violation for REQUIRE. Target class LEGAL_SUBJECT not in ['LEGAL_ACTION']
REJECT: Range violation for ALLOW. Target class LEGAL_SUBJECT not in ['LEGAL_ACTION']
REJECT: Range violation for ALLOW. Target class LEGAL_SUBJECT not in ['LEGAL_ACTION']
REJECT: Range violation for ALLOW. Target class LEGAL_SUBJECT not in ['LEGAL_ACTION']
REJECT: Domain violation for HAS_CONDITION. Source class CONDITION not in ['LEGAL_SUBJECT', 'LEGAL_ACTION']
REJECT: Domain violation for HAS_CONDITION. Source class CONDITION not in ['LEGAL_SUBJECT', 'LEGAL_ACTION']
REJECT: Range violation for ALLOW. Target class LEGAL_SUBJECT not in ['LEGAL_ACTION']
REJECT: Range violation for ALLOW. Target class LEGAL_SUBJECT not in ['LEGAL_ACTION']
REJECT: Range violation for REQUIRE. Target class LEGAL_SUBJECT not in ['LEGAL_ACTION']
REJECT: Range violation for ALLOW. Target class LEGAL_SUBJECT not in ['LEGAL_ACTION']
REJECT: Range violation for ALLOW. Target class LEGAL_SUBJECT not in ['LEGAL_ACTION']
REJECT: Range violation for ALLOW. Target class LEGAL_SUBJECT not in ['LEGAL_ACTION']
REJECT: Range violation for ALLOW. Target class LEGAL_SUBJECT not in ['LEGAL_ACTION']
REJECT: Range violation for ALLOW. Target class LEGAL_SUBJECT not in ['LEGAL_ACTION']
REJECT: Range violation for ALLOW. Target class LEGAL_SUBJECT not in ['LEGAL_ACTION']
REJECT: Range violation for ALLOW. Target class LEGAL_SUBJECT not in ['LEGAL_ACTION']
REJECT: Range violation for ALLOW. Target class LEGAL_SUBJECT not in ['LEGAL_ACTION']
REJECT: Range violation for HAS_CONDITION. Target class LEGAL_SUBJECT not in ['CONDITION']
REJECT: Range violation for HAS_CONDITION. Target class LEGAL_SUBJECT not in ['CONDITION']
REJECT: Range violation for HAS_CONDITION. Target class LEGAL_SUBJECT not in ['CONDITION']
REJECT: Range violation for HAS_CONDITION. Target class LEGAL_SUBJECT not in ['CONDITION']
REJECT: Range violation for ALLOW. Target class LEGAL_DOCUMENT_REF not in ['LEGAL_ACTION']
REJECT: Range violation for REQUIRE. Target class CONDITION not in ['LEGAL_ACTION']
REJECT: Range violation for REQUIRE. Target class CONDITION not in ['LEGAL_ACTION']
REJECT: Range violation for REQUIRE. Target class LEGAL_SUBJECT not in ['LEGAL_ACTION']
REJECT: Range violation for REQUIRE. Target class LEGAL_SUBJECT not in ['LEGAL_ACTION']
REJECT: Range violation for ALLOW. Target class LEGAL_SUBJECT not in ['LEGAL_ACTION']
REJECT: Unknown relation_type APPLY_TO
REJECT: Range violation for ALLOW. Target class LEGAL_SUBJECT not in ['LEGAL_ACTION']
REJECT: Range violation for REQUIRE. Target class LEGAL_SUBJECT not in ['LEGAL_ACTION']
REJECT: Domain violation for ALLOW. Source class LEGAL_ACTION not in ['LEGAL_SUBJECT']
REJECT: Domain violation for ALLOW. Source class LEGAL_ACTION not in ['LEGAL_SUBJECT']
REJECT: Range violation for ALLOW. Target class LEGAL_DOCUMENT_REF not in ['LEGAL_ACTION']
REJECT: Range violation for ALLOW. Target class LEGAL_DOCUMENT_REF not in ['LEGAL_ACTION']
REJECT: Range violation for ALLOW. Target class LEGAL_DOCUMENT_REF not in ['LEGAL_ACTION']
REJECT: Range violation for ALLOW. Target class LEGAL_DOCUMENT_REF not in ['LEGAL_ACTION']
REJECT: Range violation for ALLOW. Target class LEGAL_DOCUMENT_REF not in ['LEGAL_ACTION']
REJECT: Range violation for ALLOW. Target class LEGAL_DOCUMENT_REF not in ['LEGAL_ACTION']
REJECT: Range violation for ALLOW. Target class LEGAL_DOCUMENT_REF not in ['LEGAL_ACTION']
REJECT: Range violation for ALLOW. Target class LEGAL_SUBJECT not in ['LEGAL_ACTION']
REJECT: Range violation for ALLOW. Target class LEGAL_SUBJECT not in ['LEGAL_ACTION']
REJECT: Range violation for ALLOW. Target class LEGAL_SUBJECT not in ['LEGAL_ACTION']
REJECT: Range violation for ALLOW. Target class LEGAL_SUBJECT not in ['LEGAL_ACTION']
REJECT: Range violation for PROHIBIT. Target class CONDITION not in ['LEGAL_ACTION']
REJECT: Range violation for ALLOW. Target class LEGAL_SUBJECT not in ['LEGAL_ACTION']
REJECT: Range violation for ALLOW. Target class LEGAL_SUBJECT not in ['LEGAL_ACTION']
REJECT: Range violation for PROHIBIT. Target class CONDITION not in ['LEGAL_ACTION']
REJECT: Unknown relation_type APPLY_TO
REJECT: Range violation for HAS_CONDITION. Target class LEGAL_DOCUMENT_REF not in ['CONDITION']
REJECT: Range violation for ALLOW. Target class LEGAL_SUBJECT not in ['LEGAL_ACTION']
REJECT: Unknown relation_type APPLY_TO
REJECT: Range violation for HAS_CONDITION. Target class LEGAL_SUBJECT not in ['CONDITION']
REJECT: Range violation for PROHIBIT. Target class CONDITION not in ['LEGAL_ACTION']
REJECT: Range violation for ALLOW. Target class LEGAL_SUBJECT not in ['LEGAL_ACTION']
REJECT: Range violation for REQUIRE. Target class LEGAL_SUBJECT not in ['LEGAL_ACTION']
REJECT: Unknown relation_type APPLY_TO
REJECT: Range violation for HAS_CONDITION. Target class LEGAL_SUBJECT not in ['CONDITION']
REJECT: Range violation for ALLOW. Target class LEGAL_SUBJECT not in ['LEGAL_ACTION']
REJECT: Range violation for REQUIRE. Target class LEGAL_SUBJECT not in ['LEGAL_ACTION']
REJECT: Domain violation for HAS_CONDITION. Source class CONDITION not in ['LEGAL_SUBJECT', 'LEGAL_ACTION']
REJECT: Domain violation for HAS_CONDITION. Source class CONDITION not in ['LEGAL_SUBJECT', 'LEGAL_ACTION']
REJECT: Domain violation for HAS_CONDITION. Source class CONDITION not in ['LEGAL_SUBJECT', 'LEGAL_ACTION']
REJECT: Domain violation for HAS_CONDITION. Source class CONDITION not in ['LEGAL_SUBJECT', 'LEGAL_ACTION']
REJECT: Domain violation for HAS_CONDITION. Source class CONDITION not in ['LEGAL_SUBJECT', 'LEGAL_ACTION']
REJECT: Domain violation for HAS_CONDITION. Source class CONDITION not in ['LEGAL_SUBJECT', 'LEGAL_ACTION']
REJECT: Domain violation for HAS_CONDITION. Source class CONDITION not in ['LEGAL_SUBJECT', 'LEGAL_ACTION']
REJECT: Range violation for HAS_CONDITION. Target class LEGAL_SUBJECT not in ['CONDITION']
REJECT: Range violation for REQUIRE. Target class CONDITION not in ['LEGAL_ACTION']
REJECT: Domain violation for HAS_CONDITION. Source class CONDITION not in ['LEGAL_SUBJECT', 'LEGAL_ACTION']
REJECT: Domain violation for HAS_CONDITION. Source class CONDITION not in ['LEGAL_SUBJECT', 'LEGAL_ACTION']
REJECT: Range violation for HAS_CONDITION. Target class LEGAL_SUBJECT not in ['CONDITION']
REJECT: Range violation for HAS_CONDITION. Target class LEGAL_SUBJECT not in ['CONDITION']
REJECT: Range violation for ALLOW. Target class LEGAL_SUBJECT not in ['LEGAL_ACTION']
REJECT: Range violation for HAS_CONDITION. Target class LEGAL_DOCUMENT_REF not in ['CONDITION']
REJECT: Range violation for REQUIRE. Target class LEGAL_DOCUMENT_REF not in ['LEGAL_ACTION']
REJECT: Range violation for REQUIRE. Target class LEGAL_DOCUMENT_REF not in ['LEGAL_ACTION']
REJECT: Range violation for HAS_CONDITION. Target class LEGAL_DOCUMENT_REF not in ['CONDITION']
REJECT: Range violation for ALLOW. Target class CONDITION not in ['LEGAL_ACTION']
REJECT: Range violation for ALLOW. Target class CONDITION not in ['LEGAL_ACTION']
REJECT: Range violation for ALLOW. Target class CONDITION not in ['LEGAL_ACTION']
REJECT: Range violation for ALLOW. Target class CONDITION not in ['LEGAL_ACTION']
REJECT: Range violation for HAS_CONDITION. Target class LEGAL_ACTION not in ['CONDITION']
REJECT: Range violation for REQUIRE. Target class LEGAL_SUBJECT not in ['LEGAL_ACTION']
REJECT: Range violation for REQUIRE. Target class LEGAL_SUBJECT not in ['LEGAL_ACTION']
REJECT: Range violation for REQUIRE. Target class LEGAL_SUBJECT not in ['LEGAL_ACTION']
REJECT: Range violation for REQUIRE. Target class LEGAL_SUBJECT not in ['LEGAL_ACTION']
REJECT: Range violation for HAS_CONDITION. Target class LEGAL_SUBJECT not in ['CONDITION']
REJECT: Range violation for PROHIBIT. Target class LEGAL_SUBJECT not in ['LEGAL_ACTION']
REJECT: Range violation for PROHIBIT. Target class LEGAL_SUBJECT not in ['LEGAL_ACTION']
REJECT: Range violation for PROHIBIT. Target class LEGAL_SUBJECT not in ['LEGAL_ACTION']
REJECT: Domain violation for HAS_EXCEPTION. Source class LEGAL_SUBJECT not in ['LEGAL_ACTION', 'CONDITION']
REJECT: Domain violation for HAS_EXCEPTION. Source class LEGAL_SUBJECT not in ['LEGAL_ACTION', 'CONDITION']
REJECT: Range violation for PROHIBIT. Target class LEGAL_SUBJECT not in ['LEGAL_ACTION']
REJECT: Range violation for PROHIBIT. Target class LEGAL_SUBJECT not in ['LEGAL_ACTION']
REJECT: Range violation for PROHIBIT. Target class LEGAL_SUBJECT not in ['LEGAL_ACTION']
REJECT: Range violation for PROHIBIT. Target class LEGAL_SUBJECT not in ['LEGAL_ACTION']
REJECT: Range violation for PROHIBIT. Target class LEGAL_SUBJECT not in ['LEGAL_ACTION']
REJECT: Range violation for PROHIBIT. Target class LEGAL_SUBJECT not in ['LEGAL_ACTION']
REJECT: Range violation for PROHIBIT. Target class LEGAL_SUBJECT not in ['LEGAL_ACTION']
REJECT: Range violation for HAS_CONDITION. Target class LEGAL_SUBJECT not in ['CONDITION']
REJECT: Range violation for ALLOW. Target class LEGAL_SUBJECT not in ['LEGAL_ACTION']
REJECT: Range violation for HAS_CONDITION. Target class LEGAL_SUBJECT not in ['CONDITION']
REJECT: Range violation for ALLOW. Target class CONDITION not in ['LEGAL_ACTION']
REJECT: Range violation for ALLOW. Target class LEGAL_SUBJECT not in ['LEGAL_ACTION']
REJECT: Range violation for ALLOW. Target class LEGAL_SUBJECT not in ['LEGAL_ACTION']
REJECT: Range violation for HAS_CONDITION. Target class LEGAL_DOCUMENT_REF not in ['CONDITION']
REJECT: Range violation for HAS_CONDITION. Target class LEGAL_DOCUMENT_REF not in ['CONDITION']
REJECT: Range violation for ALLOW. Target class LEGAL_SUBJECT not in ['LEGAL_ACTION']
REJECT: Range violation for PROHIBIT. Target class LEGAL_SUBJECT not in ['LEGAL_ACTION']
REJECT: Range violation for PROHIBIT. Target class LEGAL_SUBJECT not in ['LEGAL_ACTION']
REJECT: Range violation for ALLOW. Target class LEGAL_SUBJECT not in ['LEGAL_ACTION']
REJECT: Range violation for REQUIRE. Target class LEGAL_SUBJECT not in ['LEGAL_ACTION']
REJECT: Range violation for REQUIRE. Target class LEGAL_SUBJECT not in ['LEGAL_ACTION']
REJECT: Range violation for HAS_CONDITION. Target class LEGAL_SUBJECT not in ['CONDITION']
REJECT: Range violation for HAS_CONDITION. Target class LEGAL_SUBJECT not in ['CONDITION']
REJECT: Range violation for ALLOW. Target class LEGAL_SUBJECT not in ['LEGAL_ACTION']
REJECT: Range violation for REQUIRE. Target class LEGAL_SUBJECT not in ['LEGAL_ACTION']
REJECT: Range violation for PROHIBIT. Target class LEGAL_SUBJECT not in ['LEGAL_ACTION']
REJECT: Range violation for ALLOW. Target class LEGAL_SUBJECT not in ['LEGAL_ACTION']
REJECT: Range violation for REQUIRE. Target class LEGAL_SUBJECT not in ['LEGAL_ACTION']
